**********************
Windows PowerShell transcript start
Start time: 20260605094501
Username: Cave-Gaming\CaveUser
RunAs User: Cave-Gaming\CaveUser
Configuration Name: 
Machine: CAVE-GAMING (Microsoft Windows NT 10.0.26200.0)
Host Application: powershell.exe -NoProfile -NonInteractive -ExecutionPolicy Bypass -File C:\Users\CaveUser\harness\run-scheduled.ps1 -CommandType cadence -Name daily -TaskLabel My_Data - Daily Cadence -NodePath C:\Program Files\nodejs\node.exe
Process ID: 62412
PSVersion: 5.1.26100.8457
PSEdition: Desktop
PSCompatibleVersions: 1.0, 2.0, 3.0, 4.0, 5.0, 5.1.26100.8457
BuildVersion: 10.0.26100.8457
CLRVersion: 4.0.30319.42000
WSManStackVersion: 3.0
PSRemotingProtocolVersion: 2.3
SerializationVersion: 1.1.0.1
**********************
[scheduled-harness] My_Data - Daily Cadence
[started] 2026-06-05T09:45:01.0368950-04:00
[VAULT_ROOT] C:\Users\CaveUser\Documents\Obsidian Vault\My_Data
[command] C:\Program Files\nodejs\node.exe C:\Users\CaveUser\harness\engine\run.mjs cadence run daily


[cadence] daily — 6 puller(s)

[readiness]
BLOCKED data readiness for daily
READY Signal Intelligence: 2026-06-04
READY FMP Market Performance: 2026-06-04
BLOCKED FMP Macro Calendar: stale (48.0h old)
  refresh: node run.mjs pull fmp --macro-calendar
READY FRED Macro Time Series: 2026-06-03
READY Treasury Rates: 2026-06-03
BLOCKED CBOE Volatility Indexes: stale (48.0h old)
  refresh: node run.mjs pull cboe --vix
READY General Market News: 2026-06-04

[cadence] blocked by readiness. Refresh the listed inputs or rerun with --allow-stale if the stale-data run is explicitl
y approved.

[done] Done in 1.4s

[finished] 2026-06-05T09:45:02.5318588-04:00 exit=1
**********************
Windows PowerShell transcript end
End time: 20260605094502
**********************
