**********************
Windows PowerShell transcript start
Start time: 20260511163000
Username: Cave-Gaming\CaveUser
RunAs User: Cave-Gaming\CaveUser
Configuration Name: 
Machine: CAVE-GAMING (Microsoft Windows NT 10.0.26200.0)
Host Application: powershell.exe -NoProfile -NonInteractive -ExecutionPolicy Bypass -File C:\Users\CaveUser\Documents\Obsidian Vault\My_Data\scripts\invoke-scheduled-cadence.ps1 -CommandType cadence -Name eod -TaskLabel My_Data - EOD Cadence -NodePath C:\Program Files\nodejs\node.exe
Process ID: 82092
PSVersion: 5.1.26100.8115
PSEdition: Desktop
PSCompatibleVersions: 1.0, 2.0, 3.0, 4.0, 5.0, 5.1.26100.8115
BuildVersion: 10.0.26100.8115
CLRVersion: 4.0.30319.42000
WSManStackVersion: 3.0
PSRemotingProtocolVersion: 2.3
SerializationVersion: 1.1.0.1
**********************
[scheduled] My_Data - EOD Cadence
[started] 2026-05-11T16:30:00.9790379-04:00
[cwd] C:\Users\CaveUser\Documents\Obsidian Vault\My_Data\scripts
[command] "C:\Program Files\nodejs\node.exe" run.mjs cadence run eod

Wrote cycle status: C:\Users\CaveUser\Documents\Obsidian Vault\The Research Spine\01_Freshness\Market_Cycles\breaking-po
ints-policy-backstops.md
Wrote cycle status: C:\Users\CaveUser\Documents\Obsidian Vault\The Research Spine\01_Freshness\Market_Cycles\historical-
case-studies.md
  [ok] wrote=0 skipped=0 (1.3s)

[run] freshness-source-writer
Wrote 64 freshness source note(s) to C:\Users\CaveUser\Documents\Obsidian Vault\The Research Spine\01_Freshness\Sources
  [ok] wrote=0 skipped=0 (0.8s)

[run] research-spine-flow  --documents=eod-monitoring,eod-briefing
Wrote: C:\Users\CaveUser\Documents\Obsidian Vault\The Research Spine\02_Reports\Monitoring\EndOfDay\2026-05-11 End Of Da
y Monitoring Snapshot.md
Wrote: C:\Users\CaveUser\Documents\Obsidian Vault\The Research Spine\02_Reports\Briefings\EndOfDay\2026-05-11 End Of Day
 Briefing.md
Inbox: wrote 2 report review task(s) to C:\Users\CaveUser\Documents\Obsidian Vault\The Research Spine\04_Human_Notes\Inb
ox.md
  [ok] wrote=0 skipped=0 (4.1s)

[run-summary] C:\Users\CaveUser\Documents\Obsidian Vault\The Research Spine\99_System\run_summaries\2026-05-11_16-30.md

[done] 9/9 ok in 17.3s

[done] Done in 17.3s

[finished] 2026-05-11T16:30:18.3176739-04:00
[exit-code] 0
**********************
Windows PowerShell transcript end
End time: 20260511163018
**********************
