**********************
Windows PowerShell transcript start
Start time: 20260603123001
Username: Cave-Gaming\CaveUser
RunAs User: Cave-Gaming\CaveUser
Configuration Name: 
Machine: CAVE-GAMING (Microsoft Windows NT 10.0.26200.0)
Host Application: powershell.exe -NoProfile -NonInteractive -ExecutionPolicy Bypass -File C:\Users\CaveUser\Documents\Obsidian Vault\My_Data\scripts\invoke-scheduled-cadence.ps1 -CommandType cadence -Name midday -TaskLabel My_Data - Midday Cadence -NodePath C:\Program Files\nodejs\node.exe
Process ID: 13032
PSVersion: 5.1.26100.8457
PSEdition: Desktop
PSCompatibleVersions: 1.0, 2.0, 3.0, 4.0, 5.0, 5.1.26100.8457
BuildVersion: 10.0.26100.8457
CLRVersion: 4.0.30319.42000
WSManStackVersion: 3.0
PSRemotingProtocolVersion: 2.3
SerializationVersion: 1.1.0.1
**********************
[scheduled] My_Data - Midday Cadence
[started] 2026-06-03T12:30:01.4361357-04:00
[cwd] C:\Users\CaveUser\Documents\Obsidian Vault\My_Data\scripts
[command] "C:\Program Files\nodejs\node.exe" run.mjs cadence run midday

y-storage.md
Wrote cycle status: C:\Users\CaveUser\Documents\Obsidian Vault\My_Data\Reports\Freshness\Market_Cycles\fx-crypto-carry-l
iquidations.md
Wrote cycle status: C:\Users\CaveUser\Documents\Obsidian Vault\My_Data\Reports\Freshness\Market_Cycles\rebound-mechanics
.md
Wrote cycle status: C:\Users\CaveUser\Documents\Obsidian Vault\My_Data\Reports\Freshness\Market_Cycles\breaking-points-p
olicy-backstops.md
Wrote cycle status: C:\Users\CaveUser\Documents\Obsidian Vault\My_Data\Reports\Freshness\Market_Cycles\historical-case-s
tudies.md
  [ok] wrote=0 skipped=0 (0.6s)

[run] my-data-report-flow  --documents=midday-monitoring
Wrote: C:\Users\CaveUser\Documents\Obsidian Vault\My_Data\Reports\Midday\Monitoring\2026-06-03 Midday Monitoring Snapsho
t.md
Inbox: wrote 1 report review task(s) to C:\Users\CaveUser\Documents\Obsidian Vault\My_Data\_Inbox\Review Queue.md
Inbox: wrote 0 World Machine promotion task(s) to C:\Users\CaveUser\Documents\Obsidian Vault\My_Data\_Inbox\Review Queue
.md
  [ok] wrote=0 skipped=0 (2.3s)

[run-summary] C:\Users\CaveUser\Documents\Obsidian Vault\My_Data\Reports\System\run_summaries\2026-06-03_12-30.md

[done] 3/3 ok in 8.3s

[done] Done in 8.3s

[finished] 2026-06-03T12:30:09.8206665-04:00
[exit-code] 0
**********************
Windows PowerShell transcript end
End time: 20260603123009
**********************
