**********************
Windows PowerShell transcript start
Start time: 20260604153000
Username: Cave-Gaming\CaveUser
RunAs User: Cave-Gaming\CaveUser
Configuration Name: 
Machine: CAVE-GAMING (Microsoft Windows NT 10.0.26200.0)
Host Application: powershell.exe -NoProfile -NonInteractive -ExecutionPolicy Bypass -File C:\Users\CaveUser\harness\run-scheduled.ps1 -CommandType cadence -Name preclose -TaskLabel My_Data - Preclose Cadence -NodePath C:\Program Files\nodejs\node.exe
Process ID: 56132
PSVersion: 5.1.26100.8457
PSEdition: Desktop
PSCompatibleVersions: 1.0, 2.0, 3.0, 4.0, 5.0, 5.1.26100.8457
BuildVersion: 10.0.26100.8457
CLRVersion: 4.0.30319.42000
WSManStackVersion: 3.0
PSRemotingProtocolVersion: 2.3
SerializationVersion: 1.1.0.1
**********************
[scheduled-harness] My_Data - Preclose Cadence
[started] 2026-06-04T15:30:00.7948930-04:00
[VAULT_ROOT] C:\Users\CaveUser\Documents\Obsidian Vault\My_Data
[command] C:\Program Files\nodejs\node.exe C:\Users\CaveUser\harness\engine\run.mjs cadence run preclose


Error: Cannot read cadences config at C:\Users\CaveUser\harness\99_System\config\cadences.json: ENOENT: no such file or
directory, open 'C:\Users\CaveUser\harness\99_System\config\cadences.json'

[finished] 2026-06-04T15:30:00.8522137-04:00 exit=1
**********************
Windows PowerShell transcript end
End time: 20260604153000
**********************
