**********************
Windows PowerShell transcript start
Start time: 20260513094501
Username: Cave-Gaming\CaveUser
RunAs User: Cave-Gaming\CaveUser
Configuration Name: 
Machine: CAVE-GAMING (Microsoft Windows NT 10.0.26200.0)
Host Application: powershell.exe -NoProfile -NonInteractive -ExecutionPolicy Bypass -File C:\Users\CaveUser\Documents\Obsidian Vault\My_Data\scripts\invoke-scheduled-cadence.ps1 -CommandType cadence -Name daily -TaskLabel My_Data - Daily Cadence -NodePath C:\Program Files\nodejs\node.exe
Process ID: 7936
PSVersion: 5.1.26100.8457
PSEdition: Desktop
PSCompatibleVersions: 1.0, 2.0, 3.0, 4.0, 5.0, 5.1.26100.8457
BuildVersion: 10.0.26100.8457
CLRVersion: 4.0.30319.42000
WSManStackVersion: 3.0
PSRemotingProtocolVersion: 2.3
SerializationVersion: 1.1.0.1
**********************
[scheduled] My_Data - Daily Cadence
[started] 2026-05-13T09:45:01.8620717-04:00
[cwd] C:\Users\CaveUser\Documents\Obsidian Vault\My_Data\scripts
[command] "C:\Program Files\nodejs\node.exe" run.mjs cadence run daily

  [ok] wrote=1 skipped=0 (2.4s)

[run] research-spine-flow  --documents=daily-monitoring,daily-briefing
Wrote: C:\Users\CaveUser\Documents\Obsidian Vault\The Research Spine\02_Reports\Monitoring\Daily\2026-05-13 Daily Monito
ring Snapshot.md
Wrote: C:\Users\CaveUser\Documents\Obsidian Vault\The Research Spine\02_Reports\Briefings\Daily\2026-05-13 Daily Briefin
g.md
Inbox: wrote 2 report review task(s) to C:\Users\CaveUser\Documents\Obsidian Vault\The Research Spine\04_Human_Notes\Inb
ox.md
Inbox: wrote 2 World Machine promotion task(s) to C:\Users\CaveUser\Documents\Obsidian Vault\The Research Spine\04_Human
_Notes\Inbox.md
  [ok] wrote=0 skipped=0 (4.6s)

[run] knowledge-gap-tasks
knowledge-gap-tasks: cycle=9 freshness=4 candidates=16 total=29
knowledge-gap-tasks: wrote 29 task(s) to C:\Users\CaveUser\Documents\Obsidian Vault\The Research Spine\04_Human_Notes\In
box.md
  [ok] wrote=0 skipped=0 (0.2s)

[run-summary] C:\Users\CaveUser\Documents\Obsidian Vault\The Research Spine\99_System\run_summaries\2026-05-13_10-14.md

[done] 15/15 ok in 1771.4s

[done] Done in 1771.5s

[finished] 2026-05-13T10:14:33.4129178-04:00
[exit-code] 0
**********************
Windows PowerShell transcript end
End time: 20260513101433
**********************
