**********************
Windows PowerShell transcript start
Start time: 20260520094500
Username: Cave-Gaming\CaveUser
RunAs User: Cave-Gaming\CaveUser
Configuration Name: 
Machine: CAVE-GAMING (Microsoft Windows NT 10.0.26200.0)
Host Application: powershell.exe -NoProfile -NonInteractive -ExecutionPolicy Bypass -File C:\Users\CaveUser\Documents\Obsidian Vault\My_Data\scripts\invoke-scheduled-cadence.ps1 -CommandType cadence -Name daily -TaskLabel My_Data - Daily Cadence -NodePath C:\Program Files\nodejs\node.exe
Process ID: 40864
PSVersion: 5.1.26100.8457
PSEdition: Desktop
PSCompatibleVersions: 1.0, 2.0, 3.0, 4.0, 5.0, 5.1.26100.8457
BuildVersion: 10.0.26100.8457
CLRVersion: 4.0.30319.42000
WSManStackVersion: 3.0
PSRemotingProtocolVersion: 2.3
SerializationVersion: 1.1.0.1
**********************
[scheduled] My_Data - Daily Cadence
[started] 2026-05-20T09:45:00.9708768-04:00
[cwd] C:\Users\CaveUser\Documents\Obsidian Vault\My_Data\scripts
[command] "C:\Program Files\nodejs\node.exe" run.mjs cadence run daily

BLOCKED FMP Market Performance: stale (96.0h old)
  refresh: node run.mjs pull fmp --market-performance
BLOCKED FMP Macro Calendar: stale (96.0h old)
  refresh: node run.mjs pull fmp --macro-calendar
BLOCKED FRED Macro Time Series: stale (96.0h old)
  refresh: node run.mjs pull fred --group=macro
BLOCKED Treasury Rates: stale (96.0h old)
  refresh: node run.mjs pull treasury --yields
BLOCKED CBOE Volatility Indexes: stale (120.0h old)
  refresh: node run.mjs pull cboe --vix
WARN General Market News: stale (96.0h old)
  refresh: node run.mjs pull fmp --general-news --limit=25
Use the listed refresh command(s), rerun readiness, then generate the report.

[run] knowledge-gap-tasks
knowledge-gap-tasks: cycle=9 freshness=20 candidates=0 total=29
knowledge-gap-tasks: wrote 29 task(s) to C:\Users\CaveUser\Documents\Obsidian Vault\World_Machine\_Inbox\Review Queue.md
  [ok] wrote=0 skipped=0 (0.0s)

[run-summary] C:\Users\CaveUser\Documents\Obsidian Vault\World_Machine\Reports\System\run_summaries\2026-05-20_09-45.md

[done] 5/6 ok in 11.0s

[done] Done in 11.1s

[finished] 2026-05-20T09:45:12.1673063-04:00
[exit-code] 1
PS>TerminatingError(invoke-scheduled-cadence.ps1): "The running command stopped because the preference variable "ErrorActionPreference" or common parameter is set to Stop: Scheduled command failed with exit code 1"
**********************
Windows PowerShell transcript end
End time: 20260520094512
**********************
