[world-packet-writer] Starting at 2026-06-04_12-00-01
[world-packet-writer] Starting at 2026-06-04_12-00-01
Wrote World_Machine bridge manifest: C:\Users\CaveUser\Documents\Obsidian Vault\My_Data\scripts\.cache\world-machine-bridge\2026-06-04.json
World Machine flow (2026-06-04)
  Manifest: C:\Users\CaveUser\Documents\Obsidian Vault\My_Data\scripts\.cache\world-machine-bridge\2026-06-04.json
  World root: C:\Users\CaveUser\Documents\Obsidian Vault\World_Machine
  Packets: 4
    opportunity_viewpoint: 4
  Approved packets: 0
  Approved-only mode: write 0 World_Machine inbox candidate(s).

[done] Done in 0.7s
[world-packet-writer] Finished with exit code 0 at 12:00:01
Wrote World_Machine bridge manifest: C:\Users\CaveUser\Documents\Obsidian Vault\My_Data\scripts\.cache\world-machine-bridge\2026-06-04.json
World Machine flow (2026-06-04)
  Manifest: C:\Users\CaveUser\Documents\Obsidian Vault\My_Data\scripts\.cache\world-machine-bridge\2026-06-04.json
  World root: C:\Users\CaveUser\Documents\Obsidian Vault\World_Machine
  Packets: 4
    opportunity_viewpoint: 4
  Approved packets: 0
  Approved-only mode: write 0 World_Machine inbox candidate(s).

[done] Done in 0.6s
[world-packet-writer] Finished with exit code 0 at 12:00:02
