**********************
Windows PowerShell transcript start
Start time: 20260604170000
Username: Cave-Gaming\CaveUser
RunAs User: Cave-Gaming\CaveUser
Configuration Name: 
Machine: CAVE-GAMING (Microsoft Windows NT 10.0.26200.0)
Host Application: powershell.exe -NoProfile -NonInteractive -ExecutionPolicy Bypass -File C:\Users\CaveUser\harness\run-world-packet.ps1 -NodePath C:\Program Files\nodejs\node.exe
Process ID: 46728
PSVersion: 5.1.26100.8457
PSEdition: Desktop
PSCompatibleVersions: 1.0, 2.0, 3.0, 4.0, 5.0, 5.1.26100.8457
BuildVersion: 10.0.26100.8457
CLRVersion: 4.0.30319.42000
WSManStackVersion: 3.0
PSRemotingProtocolVersion: 2.3
SerializationVersion: 1.1.0.1
**********************
[harness-world-packet] My_Data - World Packet Writer
[started] 2026-06-04T17:00:00.5626764-04:00
[VAULT_ROOT] C:\Users\CaveUser\Documents\Obsidian Vault\My_Data
[command] C:\Program Files\nodejs\node.exe C:\Users\CaveUser\harness\engine\run.mjs pull world-machine-flow --approved-only

Wrote World_Machine bridge manifest: C:\Users\CaveUser\Documents\Obsidian Vault\My_Data\scripts\.cache\world-machine-bri
dge\2026-06-04.json
World Machine flow (2026-06-04)
  Manifest: C:\Users\CaveUser\Documents\Obsidian Vault\My_Data\scripts\.cache\world-machine-bridge\2026-06-04.json
  World root: C:\Users\CaveUser\Documents\Obsidian Vault\World_Machine
  Packets: 4
    opportunity_viewpoint: 4
  Approved packets: 0
  Approved-only mode: write 0 World_Machine inbox candidate(s).

[done] Done in 0.6s

[finished] 2026-06-04T17:00:01.1983525-04:00 exit=0
**********************
Windows PowerShell transcript end
End time: 20260604170001
**********************
