Phase C — force refresh of slots: S1, S2, S4, S5, S6
Runner: C:\Users\CaveUser\Documents\Obsidian Vault\My_Data\scripts\agents\routine-runner.mjs

[phase-c] ▶ S1 (2026-06-03T02:20:08.027Z)
[S1] ok (4 sources)
[phase-c] ◀ S1 exit=0 elapsed=59.4s

[phase-c] ▶ S2 (2026-06-03T02:21:07.445Z)
[S2] ok (6 sources)
[phase-c] ◀ S2 exit=0 elapsed=18.0s

[phase-c] ▶ S4 (2026-06-03T02:21:25.445Z)
[S4] ok (3 sources)
[phase-c] ◀ S4 exit=0 elapsed=11.6s

[phase-c] ▶ S5 (2026-06-03T02:21:37.063Z)
[S5] ok (7 sources)
[phase-c] ◀ S5 exit=0 elapsed=63.9s

[phase-c] ▶ S6 (2026-06-03T02:22:40.926Z)
[S6] ok (2 sources)
[phase-c] ◀ S6 exit=0 elapsed=13.1s

[phase-c] Summary:
  S1: ok (59.4s)
  S2: ok (18s)
  S4: ok (11.6s)
  S5: ok (63.9s)
  S6: ok (13.1s)

[phase-c] Total elapsed: 166.0s

[phase-c] All slots completed. Ready for Phase D (regime-bootstrap).
