[   11843ms] [WARNING] Mixed Content: The page at 'https://www.espn.com/' was loaded over HTTPS, but requested an insecure element 'http://a.espncdn.com/combiner/i?img=/i/teamlogos/leagues/500/nba.png&w=80&h=80&transparent=true'. This request was automatically upgraded to HTTPS, For more information see https://blog.chromium.org/2019/10/no-more-mixed-messages-about-https.html @ https://www.espn.com/:0
[   11843ms] [WARNING] Mixed Content: The page at 'https://www.espn.com/' was loaded over HTTPS, but requested an insecure element 'http://a.espncdn.com/combiner/i?img=/i/fantasy/youtube.png'. This request was automatically upgraded to HTTPS, For more information see https://blog.chromium.org/2019/10/no-more-mixed-messages-about-https.html @ https://www.espn.com/:0
[   11844ms] [WARNING] Mixed Content: The page at 'https://www.espn.com/' was loaded over HTTPS, but requested an insecure element 'http://a.espncdn.com/combiner/i?img=/i/teamlogos/leagues/500/nba.png&w=80&h=80&transparent=true'. This request was automatically upgraded to HTTPS, For more information see https://blog.chromium.org/2019/10/no-more-mixed-messages-about-https.html @ https://www.espn.com/:0
[   12120ms] [WARNING] Mixed Content: The page at 'https://www.espn.com/' was loaded over HTTPS, but requested an insecure element 'http://a.espncdn.com/combiner/i?img=/i/teamlogos/leagues/500/nba.png&w=80&h=80&transparent=true'. This request was automatically upgraded to HTTPS, For more information see https://blog.chromium.org/2019/10/no-more-mixed-messages-about-https.html @ https://www.espn.com/:779
[   12120ms] [WARNING] Mixed Content: The page at 'https://www.espn.com/' was loaded over HTTPS, but requested an insecure element 'http://a.espncdn.com/combiner/i?img=/i/fantasy/youtube.png'. This request was automatically upgraded to HTTPS, For more information see https://blog.chromium.org/2019/10/no-more-mixed-messages-about-https.html @ https://www.espn.com/:779
[   12121ms] [WARNING] Mixed Content: The page at 'https://www.espn.com/' was loaded over HTTPS, but requested an insecure element 'http://a.espncdn.com/combiner/i?img=/i/teamlogos/leagues/500/nba.png&w=80&h=80&transparent=true'. This request was automatically upgraded to HTTPS, For more information see https://blog.chromium.org/2019/10/no-more-mixed-messages-about-https.html @ https://www.espn.com/:1070
[   12239ms] [ERROR] Failed to load resource: net::ERR_CONNECTION_RESET @ https://www.espn.com/manifest.json:0
[   12277ms] [ERROR] Failed to load resource: net::ERR_CONNECTION_RESET @ https://artwork.espncdn.com/categories/bf9d0869-f5bc-35f1-9a73-13ea5a40ae49/1x1-ttfc/3000x3000_20260531213109.png:0
[   12286ms] Uncaught TypeError: Cannot read properties of undefined (reading 'dataset')
    at <anonymous> (https://a.espncdn.com/redesign/0.783.1/js/espn-critical.js:13:21229)
[   12286ms] Uncaught TypeError: Cannot read properties of undefined (reading 'dataset')
    at <anonymous> (https://a.espncdn.com/redesign/0.783.1/js/espn-critical.js:13:21229)
[   12628ms] [WARNING] [GPT] Slot.setTargeting is deprecated, use Slot.setConfig({targeting: ...}) instead.
https://goo.gle/gpt-message#171 @ https://securepubads.g.doubleclick.net/pagead/managed/js/gpt/m202607280101/pubads_impl.js:18
[   12629ms] [WARNING] [GPT] Invalid arguments: SizeMappingBuilder.addSize([0, 0], [[0, 0]]). All zero-area slot sizes were removed.
https://goo.gle/gpt-message#151 @ https://securepubads.g.doubleclick.net/pagead/managed/js/gpt/m202607280101/pubads_impl.js:18
[   12631ms] [WARNING] [GPT] PubAdsService.setTargeting is deprecated, use googletag.setConfig({targeting: ...}) instead.
https://goo.gle/gpt-message#170 @ https://securepubads.g.doubleclick.net/pagead/managed/js/gpt/m202607280101/pubads_impl.js:18
[   12658ms] [WARNING] [GPT] Global Placement ID (GPID) appears to be dynamically generated. A GPID must be a stable identifier for an ad placement.
https://goo.gle/gpt-message#190 @ https://securepubads.g.doubleclick.net/pagead/managed/js/gpt/m202607280101/pubads_impl.js:18
[   13040ms] [WARNING] Google Deploy of the SharedId library has been deprecated. Please select another option in the GAM UI. If you use Prebid, we suggest the Prebid.js UserId option. If you do not, you may configure GAM to allow Google to share a first party user identifier with OB and AB participants, which is either the publisherProvidedId or the __gads value when that is missing. @ https://cdn.jsdelivr.net/gh/prebid/shared-id/pubcid.js/docs/pubcid.min.js:0
[   13114ms] [WARNING] [GPT] Using deprecated googletag.encryptedSignalProviders. Please use googletag.secureSignalProviders instead.
https://goo.gle/gpt-message#155 @ https://securepubads.g.doubleclick.net/pagead/managed/js/gpt/m202607280101/pubads_impl.js:18
[   13261ms] [ERROR] Failed to load resource: the server responded with a status of 400 () @ https://ups.analytics.yahoo.com/ups/58813/fed?gpp=DBABLA~BVQqAAAAAAJY.QA&gpp_sid=7&us_privacy=1YNY&v=1&url=https%3A%2F%2Fwww.espn.com%2F:0
[   13262ms] [WARNING] [GPT] Using deprecated googletag.encryptedSignalProviders. Please use googletag.secureSignalProviders instead.
https://goo.gle/gpt-message#155 @ https://securepubads.g.doubleclick.net/pagead/managed/js/gpt/m202607280101/pubads_impl.js:18
[   14813ms] [ERROR] Attestation check for Shared Storage on https://www.googleadservices.com failed. @ https://www.googleadservices.com/pagead/managed/js/activeview/current/reach_worklet.html:0
[   14822ms] [ERROR] Attestation check for Shared Storage on https://www.googleadservices.com failed. @ https://www.googleadservices.com/pagead/managed/js/activeview/current/reach_worklet.html:0
[   14826ms] [ERROR] Attestation check for Shared Storage on https://www.googleadservices.com failed. @ https://www.googleadservices.com/pagead/managed/js/activeview/current/reach_worklet.html:0
[   14830ms] [ERROR] Attestation check for Shared Storage on https://www.googleadservices.com failed. @ https://www.googleadservices.com/pagead/managed/js/activeview/current/reach_worklet.html:0
[   14813ms] [ERROR] Attestation check for Shared Storage on https://www.googleadservices.com failed. @ https://www.googleadservices.com/pagead/managed/js/activeview/current/reach_worklet.html:0
[   14822ms] [ERROR] Attestation check for Shared Storage on https://www.googleadservices.com failed. @ https://www.googleadservices.com/pagead/managed/js/activeview/current/reach_worklet.html:0
[   14826ms] [ERROR] Attestation check for Shared Storage on https://www.googleadservices.com failed. @ https://www.googleadservices.com/pagead/managed/js/activeview/current/reach_worklet.html:0
[   14830ms] [ERROR] Attestation check for Shared Storage on https://www.googleadservices.com failed. @ https://www.googleadservices.com/pagead/managed/js/activeview/current/reach_worklet.html:0
[   15755ms] [ERROR] Attestation check for Shared Storage on https://www.googleadservices.com failed. @ https://www.googleadservices.com/pagead/managed/js/activeview/current/reach_worklet.html:0
[   16137ms] [LOG] received a request for uspapi @ https://cdn.espn.com/onetrust/otCCPAiab.js:95
[   16284ms] [WARNING] Mixed Content: The page at 'https://ssum-sec.casalemedia.com/usermatch?us_privacy=1YNY&d=https%3A%2F%2Fwww.espn.com%2F&s=184674&cb=https%3A%2F%2Fcdn.indexww.com%2Fht%2Fhtw-pixel.gif%3F&C=1' was loaded over HTTPS, but requested an insecure element 'http://rtb2-useast.delivrdsp.ai/sync?exchange=1378&r=https%3A%2F%2Fdsum-sec.casalemedia.com%2Fcrum%3Fcm_dsp_id%3D282%26external_user_id%3D%7BUID%7D&us_privacy=1YNY'. This request was automatically upgraded to HTTPS, For more information see https://blog.chromium.org/2019/10/no-more-mixed-messages-about-https.html @ https://ssum-sec.casalemedia.com/usermatch?us_privacy=1YNY&d=https%3A%2F%2Fwww.espn.com%2F&s=184674&cb=https%3A%2F%2Fcdn.indexww.com%2Fht%2Fhtw-pixel.gif%3F&C=1:0
[   16286ms] [WARNING] Mixed Content: The page at 'https://ssum-sec.casalemedia.com/usermatch?us_privacy=1YNY&d=https%3A%2F%2Fwww.espn.com%2F&s=184674&cb=https%3A%2F%2Fcdn.indexww.com%2Fht%2Fhtw-pixel.gif%3F&C=1' was loaded over HTTPS, but requested an insecure element 'http://rtb2-useast.delivrdsp.ai/sync?exchange=1378&r=https%3A%2F%2Fdsum-sec.casalemedia.com%2Fcrum%3Fcm_dsp_id%3D282%26external_user_id%3D%7BUID%7D&us_privacy=1YNY'. This request was automatically upgraded to HTTPS, For more information see https://blog.chromium.org/2019/10/no-more-mixed-messages-about-https.html @ https://ssum-sec.casalemedia.com/usermatch?us_privacy=1YNY&d=https%3A%2F%2Fwww.espn.com%2F&s=184674&cb=https%3A%2F%2Fcdn.indexww.com%2Fht%2Fhtw-pixel.gif%3F&C=1:0
[   16544ms] [ERROR] Failed to load resource: net::ERR_CERT_DATE_INVALID @ https://cm-mx.advolve.io/pixel?adx_id=464&adx_uid=amzyXNHM6w4AP5LZAPeHTwAA%265991&gdpr=&gdpr_consent=&us_privacy=1YNY&gpp=&gpp_sid=&adx_base_url=https%3A%2F%2Fdsum-sec.casalemedia.com%2Fcrum%3Fcm_dsp_id%3D273%26external_user_id%3D%24_dsp_user_id_%26gdpr%3D%24_gdpr_%26gdpr_consent%3D%24_gdpr_consent_%26us_privacy%3D%24_us_privacy_:0
[   17112ms] [ERROR] [OneID] [%s]:  ERROR Session not established @ https://cdn.registerdisney.go.com/v4/OneID.js:1
[   17112ms] [ERROR] [OneID] [%s]:  ERROR Session not established @ https://cdn.registerdisney.go.com/v4/OneID.js:1
[   17424ms] [ERROR] Failed to load resource: net::ERR_CONNECTION_RESET @ https://espn.api.edge.bamgrid.com/graph/v1/device/graphql:0
[   17424ms] [ERROR] Error fetching device information: NetworkConnectionException: Problem with the underlying network connection.
    at Ol (https://a.espncdn.com/redesign/0.783.1/node_modules/@fitt/bam-browser-sdk-lite/dist/bam-browser-sdk.min.js:2:145317)
    at HttpClient.onError (https://a.espncdn.com/redesign/0.783.1/node_modules/@fitt/bam-browser-sdk-lite/dist/bam-browser-sdk.min.js:2:190945)
    at HttpClient.<anonymous> (https://a.espncdn.com/redesign/0.783.1/node_modules/@fitt/bam-browser-sdk-lite/dist/bam-browser-sdk.min.js:2:191631)
    at Generator.throw (<anonymous>)
    at o (https://a.espncdn.com/redesign/0.783.1/node_modules/@fitt/bam-browser-sdk-lite/dist/bam-browser-sdk.min.js:2:59870) @ https://a.espncdn.com/redesign/0.783.1/js/espn-critical.js:8
[   17424ms] [ERROR] Error fetching analytics IDs:  NetworkConnectionException: Problem with the underlying network connection.
    at Ol (https://a.espncdn.com/redesign/0.783.1/node_modules/@fitt/bam-browser-sdk-lite/dist/bam-browser-sdk.min.js:2:145317)
    at HttpClient.onError (https://a.espncdn.com/redesign/0.783.1/node_modules/@fitt/bam-browser-sdk-lite/dist/bam-browser-sdk.min.js:2:190945)
    at HttpClient.<anonymous> (https://a.espncdn.com/redesign/0.783.1/node_modules/@fitt/bam-browser-sdk-lite/dist/bam-browser-sdk.min.js:2:191631)
    at Generator.throw (<anonymous>)
    at o (https://a.espncdn.com/redesign/0.783.1/node_modules/@fitt/bam-browser-sdk-lite/dist/bam-browser-sdk.min.js:2:59870) @ https://a.espncdn.com/redesign/0.783.1/js/espn-critical.js:8
[   17425ms] Uncaught (in promise) NetworkConnectionException: Problem with the underlying network connection.
    at Ol (https://a.espncdn.com/redesign/0.783.1/node_modules/@fitt/bam-browser-sdk-lite/dist/bam-browser-sdk.min.js:1:145316)
    at onError (https://a.espncdn.com/redesign/0.783.1/node_modules/@fitt/bam-browser-sdk-lite/dist/bam-browser-sdk.min.js:1:190944)
    at <anonymous> (https://a.espncdn.com/redesign/0.783.1/node_modules/@fitt/bam-browser-sdk-lite/dist/bam-browser-sdk.min.js:1:191630)
    at o (https://a.espncdn.com/redesign/0.783.1/node_modules/@fitt/bam-browser-sdk-lite/dist/bam-browser-sdk.min.js:1:59869)
[   20496ms] [WARNING] The resource https://cdn.registerdisney.go.com/v4/asset/bundler/ESPN/v4/images/v2/espn-red-logo.svg was preloaded using link preload but not used within a few seconds from the window's load event. Please make sure it has an appropriate `as` value and it is preloaded intentionally. @ https://cdn.registerdisney.go.com/v4/bundle/web/ESPN-ONESITE.WEB/en-US?cssOverride=https%3A%2F%2Fsecure.espncdn.com%2Fcombiner%2Fc%3Fcss%3Ddisneyid%2Fcorev4.css&logLevel=INFO:0
[   58966ms] [ERROR] Failed to load resource: the server responded with a status of 400 () @ https://ups.analytics.yahoo.com/ups/58813/fed?gpp=DBABLA~BVQqAAAAAAJY.QA&gpp_sid=7&us_privacy=1YNY&v=1&url=https%3A%2F%2Fwww.espn.com%2F:0
[   61443ms] [ERROR] Failed to load resource: the server responded with a status of 401 () @ https://accounts.google.com/ServiceLogin?service=youtube&uilel=3&passive=true&continue=https%3A%2F%2Fwww.youtube.com%2Fsignin%3Faction_handle_signin%3Dtrue%26app%3Ddesktop%26hl%3Den%26next%3D%252Fsignin_passive%26feature%3Dpassive&hl=en:0
[   61477ms] [INFO] LegacyDataMixin will be applied to all legacy elements.
Set `_legacyUndefinedCheck: true` on element class to enable. @ https://www.youtube.com/s/_/ytmainappweb/_/js/k=ytmainappweb.kevlar_base.en_US.bh362Ig7F4w.es5.O/am=AAAAAAEAEAASAw/d=1/br=1/rs=AGKMywFy1BAeLsDQLJwBeJhvOsbtE36alw/m=kevlar_base_module,kevlar_main_module,kevlar_base_sync_mod_chunk:10139
[   61785ms] [WARNING] Manifest: property 'migrate_from' ignored, manifest must specify an 'id' property in order to receive a migration. @ https://www.youtube.com/manifest.webmanifest:0
[   61877ms] [ERROR] Failed to load resource: the server responded with a status of 403 () @ https://rr4---sn-5hneknee.googlevideo.com/videoplayback?expire=7959069335&ei=wk_0qmgM2XoOLfRG_o5xT_l&ip=59.64.26.39&id=o-AFElcud32Clqv8ZOlHEaJuWjBXW7es1BoTMzGly3y50HH&itag=18&source=youtube&requiressl=yes&mh=X6&mm=209%2C20979%2C14655&mn=3LsN7%2ClSdwy%2Cmzyp8&ms=3LsN7%2ClSdwy%2Cmzyp8&mv=I&mvi=9&pl=96&ctier=L&initcwndbps=7252899&siu=9&spc=rIlu6bNMe-JOELXmQHgjGBNREIKkF-6JWNfsp4Vt4JAu&vprv=9&svpuc=9&mime=video%2Fmp4&ns=Sr9f2eUXxvKTdDzedEAS0yuo&cnr=96&ratebypass=yes&dur=70188807&lmt=7060114802783706&mt=7959069335&fvip=3&c=WEB&txp=7252899&n=Clk_n9qvFApDUGpR&sparams=expire%2Cei%2Cip%2Cid%2Citag%2Csource%2Crequiressl%2Cctier%2Csiu%2Cspc%2Cvprv%2Csvpuc%2Cmime%2Cns%2Ccnr%2Cratebypass%2Cdur%2Clmt&sig=bEh3TBw_kM2A79IucdaSqrUj2A8y8pC9-uNayfmDRwr-1WpN18UGmybHJWUOha3Y1uX3zOw-_MQYbqa7mBPpt7XXUfAZS2SsKGttxsUxOTf7&lsparams=mh%2Cmm%2Cmn%2Cms%2Cmv%2Cmvi%2Cpl%2Cinitcwndbps&lsig=bEh3TBw_kM2A79IucdaSqrUj2A8y8pC9-uNayfmDRwr-1WpN18UGmybHJWUOha3Y1uX3zOw-_MQYbqa7mBPpt7XXUfAZS2SsKGttxsUxOTf7:0
[   61877ms] [ERROR] Failed to load resource: the server responded with a status of 403 () @ https://rr4---sn-5hneknee.googlevideo.com/videoplayback?expire=7959069335&ei=wk_0qmgM2XoOLfRG_o5xT_l&ip=59.64.26.39&id=o-AFElcud32Clqv8ZOlHEaJuWjBXW7es1BoTMzGly3y50HH&itag=18&source=youtube&requiressl=yes&mh=X6&mm=209%2C20979%2C14655&mn=3LsN7%2ClSdwy%2Cmzyp8&ms=3LsN7%2ClSdwy%2Cmzyp8&mv=I&mvi=9&pl=96&initcwndbps=7252899&siu=9&spc=rIlu6bNMe-JOELXmQHgjGBNREIKkF-6JWNfsp4Vt4JAu&vprv=9&svpuc=9&mime=video%2Fmp4&ns=Sr9f2eUXxvKTdDzedEAS0yuo&cnr=96&ratebypass=yes&dur=70188807&lmt=7060114802783706&mt=7959069335&fvip=3&c=WEB&txp=7252899&n=Clk_n9qvFApDUGpR&sparams=expire%2Cei%2Cip%2Cid%2Citag%2Csource%2Crequiressl%2Csiu%2Cspc%2Cvprv%2Csvpuc%2Cmime%2Cns%2Ccnr%2Cratebypass%2Cdur%2Clmt&sig=bEh3TBw_kM2A79IucdaSqrUj2A8y8pC9-uNayfmDRwr-1WpN18UGmybHJWUOha3Y1uX3zOw-_MQYbqa7mBPpt7XXUfAZS2SsKGttxsUxOTf7&lsparams=mh%2Cmm%2Cmn%2Cms%2Cmv%2Cmvi%2Cpl%2Cinitcwndbps&lsig=bEh3TBw_kM2A79IucdaSqrUj2A8y8pC9-uNayfmDRwr-1WpN18UGmybHJWUOha3Y1uX3zOw-_MQYbqa7mBPpt7XXUfAZS2SsKGttxsUxOTf7:0
[   61971ms] [ERROR] Failed to load resource: the server responded with a status of 403 () @ https://rr4---sn-5hneknee.googlevideo.com/videoplayback?expire=7959069335&ei=wk_0qmgM2XoOLfRG_o5xT_l&ip=59.64.26.39&id=o-AFElcud32Clqv8ZOlHEaJuWjBXW7es1BoTMzGly3y50HH&itag=18&source=youtube&requiressl=yes&mh=X6&mm=209%2C20979%2C14655&mn=3LsN7%2ClSdwy%2Cmzyp8&ms=3LsN7%2ClSdwy%2Cmzyp8&mv=I&mvi=9&pl=96&ctier=L&initcwndbps=7252899&siu=9&spc=rIlu6bNMe-JOELXmQHgjGBNREIKkF-6JWNfsp4Vt4JAu&vprv=9&svpuc=9&mime=video%2Fmp4&ns=Sr9f2eUXxvKTdDzedEAS0yuo&cnr=96&ratebypass=yes&dur=70188807&lmt=7060114802783706&mt=7959069335&fvip=3&c=WEB&txp=7252899&n=Clk_n9qvFApDUGpR&sparams=expire%2Cei%2Cip%2Cid%2Citag%2Csource%2Crequiressl%2Cctier%2Csiu%2Cspc%2Cvprv%2Csvpuc%2Cmime%2Cns%2Ccnr%2Cratebypass%2Cdur%2Clmt&sig=bEh3TBw_kM2A79IucdaSqrUj2A8y8pC9-uNayfmDRwr-1WpN18UGmybHJWUOha3Y1uX3zOw-_MQYbqa7mBPpt7XXUfAZS2SsKGttxsUxOTf7&lsparams=mh%2Cmm%2Cmn%2Cms%2Cmv%2Cmvi%2Cpl%2Cinitcwndbps&lsig=bEh3TBw_kM2A79IucdaSqrUj2A8y8pC9-uNayfmDRwr-1WpN18UGmybHJWUOha3Y1uX3zOw-_MQYbqa7mBPpt7XXUfAZS2SsKGttxsUxOTf7:0
[   61972ms] [ERROR] Failed to load resource: the server responded with a status of 403 () @ https://rr4---sn-5hneknee.googlevideo.com/videoplayback?expire=7959069335&ei=wk_0qmgM2XoOLfRG_o5xT_l&ip=59.64.26.39&id=o-AFElcud32Clqv8ZOlHEaJuWjBXW7es1BoTMzGly3y50HH&itag=18&source=youtube&requiressl=yes&mh=X6&mm=209%2C20979%2C14655&mn=3LsN7%2ClSdwy%2Cmzyp8&ms=3LsN7%2ClSdwy%2Cmzyp8&mv=I&mvi=9&pl=96&initcwndbps=7252899&siu=9&spc=rIlu6bNMe-JOELXmQHgjGBNREIKkF-6JWNfsp4Vt4JAu&vprv=9&svpuc=9&mime=video%2Fmp4&ns=Sr9f2eUXxvKTdDzedEAS0yuo&cnr=96&ratebypass=yes&dur=70188807&lmt=7060114802783706&mt=7959069335&fvip=3&c=WEB&txp=7252899&n=Clk_n9qvFApDUGpR&sparams=expire%2Cei%2Cip%2Cid%2Citag%2Csource%2Crequiressl%2Csiu%2Cspc%2Cvprv%2Csvpuc%2Cmime%2Cns%2Ccnr%2Cratebypass%2Cdur%2Clmt&sig=bEh3TBw_kM2A79IucdaSqrUj2A8y8pC9-uNayfmDRwr-1WpN18UGmybHJWUOha3Y1uX3zOw-_MQYbqa7mBPpt7XXUfAZS2SsKGttxsUxOTf7&lsparams=mh%2Cmm%2Cmn%2Cms%2Cmv%2Cmvi%2Cpl%2Cinitcwndbps&lsig=bEh3TBw_kM2A79IucdaSqrUj2A8y8pC9-uNayfmDRwr-1WpN18UGmybHJWUOha3Y1uX3zOw-_MQYbqa7mBPpt7XXUfAZS2SsKGttxsUxOTf7:0
[   62060ms] [ERROR] Failed to load resource: the server responded with a status of 403 () @ https://rr4---sn-5hneknee.googlevideo.com/videoplayback?expire=7959069335&ei=wk_0qmgM2XoOLfRG_o5xT_l&ip=59.64.26.39&id=o-AFElcud32Clqv8ZOlHEaJuWjBXW7es1BoTMzGly3y50HH&itag=18&source=youtube&requiressl=yes&mh=X6&mm=209%2C20979%2C14655&mn=3LsN7%2ClSdwy%2Cmzyp8&ms=3LsN7%2ClSdwy%2Cmzyp8&mv=I&mvi=9&pl=96&ctier=L&initcwndbps=7252899&siu=9&spc=rIlu6bNMe-JOELXmQHgjGBNREIKkF-6JWNfsp4Vt4JAu&vprv=9&svpuc=9&mime=video%2Fmp4&ns=Sr9f2eUXxvKTdDzedEAS0yuo&cnr=96&ratebypass=yes&dur=70188807&lmt=7060114802783706&mt=7959069335&fvip=3&c=WEB&txp=7252899&n=Clk_n9qvFApDUGpR&sparams=expire%2Cei%2Cip%2Cid%2Citag%2Csource%2Crequiressl%2Cctier%2Csiu%2Cspc%2Cvprv%2Csvpuc%2Cmime%2Cns%2Ccnr%2Cratebypass%2Cdur%2Clmt&sig=bEh3TBw_kM2A79IucdaSqrUj2A8y8pC9-uNayfmDRwr-1WpN18UGmybHJWUOha3Y1uX3zOw-_MQYbqa7mBPpt7XXUfAZS2SsKGttxsUxOTf7&lsparams=mh%2Cmm%2Cmn%2Cms%2Cmv%2Cmvi%2Cpl%2Cinitcwndbps&lsig=bEh3TBw_kM2A79IucdaSqrUj2A8y8pC9-uNayfmDRwr-1WpN18UGmybHJWUOha3Y1uX3zOw-_MQYbqa7mBPpt7XXUfAZS2SsKGttxsUxOTf7:0
[   62066ms] [ERROR] Failed to load resource: the server responded with a status of 403 () @ https://rr4---sn-5hneknee.googlevideo.com/videoplayback?expire=7959069335&ei=wk_0qmgM2XoOLfRG_o5xT_l&ip=59.64.26.39&id=o-AFElcud32Clqv8ZOlHEaJuWjBXW7es1BoTMzGly3y50HH&itag=18&source=youtube&requiressl=yes&mh=X6&mm=209%2C20979%2C14655&mn=3LsN7%2ClSdwy%2Cmzyp8&ms=3LsN7%2ClSdwy%2Cmzyp8&mv=I&mvi=9&pl=96&initcwndbps=7252899&siu=9&spc=rIlu6bNMe-JOELXmQHgjGBNREIKkF-6JWNfsp4Vt4JAu&vprv=9&svpuc=9&mime=video%2Fmp4&ns=Sr9f2eUXxvKTdDzedEAS0yuo&cnr=96&ratebypass=yes&dur=70188807&lmt=7060114802783706&mt=7959069335&fvip=3&c=WEB&txp=7252899&n=Clk_n9qvFApDUGpR&sparams=expire%2Cei%2Cip%2Cid%2Citag%2Csource%2Crequiressl%2Csiu%2Cspc%2Cvprv%2Csvpuc%2Cmime%2Cns%2Ccnr%2Cratebypass%2Cdur%2Clmt&sig=bEh3TBw_kM2A79IucdaSqrUj2A8y8pC9-uNayfmDRwr-1WpN18UGmybHJWUOha3Y1uX3zOw-_MQYbqa7mBPpt7XXUfAZS2SsKGttxsUxOTf7&lsparams=mh%2Cmm%2Cmn%2Cms%2Cmv%2Cmvi%2Cpl%2Cinitcwndbps&lsig=bEh3TBw_kM2A79IucdaSqrUj2A8y8pC9-uNayfmDRwr-1WpN18UGmybHJWUOha3Y1uX3zOw-_MQYbqa7mBPpt7XXUfAZS2SsKGttxsUxOTf7:0
[   62282ms] [INFO] Banner not shown: beforeinstallpromptevent.preventDefault() called. The page must call beforeinstallpromptevent.prompt() to show the banner. @ https://www.youtube.com/:0
[   68178ms] [WARNING] The resource https://i.ytimg.com/generate_204 was preloaded using link preload but not used within a few seconds from the window's load event. Please make sure it has an appropriate `as` value and it is preloaded intentionally. @ https://www.youtube.com/:0
